12:02:26 **** Incremental Build of configuration Debug for project can_adapter ****
make -j4 all 
arm-none-eabi-gcc "../Core/Src/main.c" -mcpu=cortex-m3 -std=gnu11 -g3 -DDEBUG -DUSE_HAL_DRIVER -DSTM32F103xB -c -I../Core/Inc -I../Drivers/STM32F1xx_HAL_Driver/Inc/Legacy -I../Drivers/STM32F1xx_HAL_Driver/Inc -I../Drivers/CMSIS/Device/ST/STM32F1xx/Include -I../Drivers/CMSIS/Include -I../Middlewares/Third_Party/FreeRTOS/Source/include -I../Middlewares/Third_Party/FreeRTOS/Source/CMSIS_RTOS_V2 -I../Middlewares/Third_Party/FreeRTOS/Source/portable/GCC/ARM_CM3 -O0 -ffunction-sections -fdata-sections -Wall -fstack-usage -fcyclomatic-complexity -MMD -MP -MF"Core/Src/main.d" -MT"Core/Src/main.o" --specs=nano.specs -mfloat-abi=soft -mthumb -o "Core/Src/main.o"
arm-none-eabi-gcc -o "can_adapter.elf" @"objects.list"   -mcpu=cortex-m3 -T"/home/priyanka/Documents/kples_obd_scanner/soc/STM32F103C8T6/can_adapter/STM32F103C8TX_FLASH.ld" --specs=nosys.specs -Wl,-Map="can_adapter.map" -Wl,--gc-sections -static --specs=nano.specs -mfloat-abi=soft -mthumb -Wl,--start-group -lc -lm -Wl,--end-group
Finished building target: can_adapter.elf
 
arm-none-eabi-size  can_adapter.elf 
arm-none-eabi-objdump -h -S can_adapter.elf  > "can_adapter.list"
   text	   data	    bss	    dec	    hex	filename
  23628	     16	   8224	  31868	   7c7c	can_adapter.elf
Finished building: default.size.stdout
 
Finished building: can_adapter.list
 

12:02:27 Build Finished. 0 errors, 0 warnings. (took 1s.5ms)

